*Tunnelblick: macOS 14.0 (23A344); Tunnelblick 3.8.8d (build 5779); prior version 3.8.8b (build 5777); Admin user

Console Log:

You pasted too soon! The Tunnelblick diagnostic info was not yet available on the Clipboard when you pasted. Try to paste again.
You pasted too soon! The Tunnelblick diagnostic info was not yet available on the Clipboard when you pasted. Try to paste again.

*Tunnelblick: macOS 14.0 (23A344); Tunnelblick 3.8.8d (build 5779); prior version 3.8.8b (build 5777); Admin user
git commit 85e5c2eda41b9d2367be4e51c90a649ffef3f887 + uncommitted changes:
?? ../third_party/sources/IOUserEthernetController.h 
The Tunnelblick.app process is not being translated (arm64)
System Integrity Protection is enabled
Model: Mac14,15

Configuration Bolt-VPN

"Sanitized" condensed configuration file for /Users/jaros/Library/Application Support/Tunnelblick/Configurations/Bolt-VPN.tblk:



================================================================================

Files in Bolt-VPN.tblk:
      Contents/Resources/4ed….p12
      Contents/Resources/config.ovpn

================================================================================

Tunnelblick Kext Policy Data:

Error status -1 attempting to access the Kext Policy database
stdout =
(null)
stderr =
(null)

================================================================================

Configuration preferences:

-notOKToCheckThatIPAddressDidNotChangeAfterConnection = 0

================================================================================

Wildcard preferences:

-notOKToCheckThatIPAddressDidNotChangeAfterConnection = 0

================================================================================

Program preferences:

skipWarningThatIPAddressDidNotChangeAfterConnection = 1
skipWarningThatDNSIsNotWorking = 1
launchAtNextLogin = 1
tunnelblickVersionHistory = (
    "3.8.8d (build 5779)",
    "3.8.8c (build 5778)",
    "3.8.8b (build 5777)",
    "3.8.8a (build 5776)",
    "3.8.8 (build 5775)",
    "3.8.7a (build 5770)"
)
statusDisplayNumber = 0
lastLaunchTime = 718639456.540784
lastLanguageAtLaunchWasRTL = 0
connectionWindowDisplayCriteria = showWhenConnecting
maxLogDisplaySize = 102400
keyboardShortcutIndex = 1
updateCheckAutomatically = 1
NSWindow Frame ConnectingWindow = 660 659 389 217 0 0 1710 1068 
NSWindow Frame SUStatusFrame = 1674 721 400 135 0 0 2560 1415 
NSWindow Frame SUUpdateAlert = 554 510 620 398 0 0 1728 1079 
NSWindow Frame ListingWindow = 452 471 500 428 0 0 1728 1079 
detailsWindowFrameVersion = 5776
detailsWindowFrame = {{404, 417}, {920, 522}}
detailsWindowLeftFrame = {{0, 0}, {167, 402}}
detailsWindowViewIndex = 0
detailsWindowConfigurationsTabIdentifier = log
leftNavSelectedDisplayName = Bolt-VPN
haveDealtWithOldTunTapPreferences = 1
haveDealtWithAlwaysShowLoginWindow = 1
haveDealtWithOldLoginItem = 1
haveDealtWithAfterDisconnect = 1
SUEnableAutomaticChecks = 1
SUScheduledCheckInterval = 86400
SULastCheckTime = 2023-10-10 14:04:17 +0000
SUHasLaunchedBefore = 1

================================================================================

Forced preferences:

(None)

================================================================================

Deployed forced preferences:

(None)

================================================================================

Tunnelblick Log:

2023-10-10 17:11:44.151857 *Tunnelblick: macOS 14.0 (23A344); Tunnelblick 3.8.8d (build 5779); prior version 3.8.8b (build 5777)

================================================================================

Down log:

(Not found)
================================================================================

Previous down log:

(Not found)
================================================================================

Network services:

An asterisk (*) denotes that a network service is disabled.
Thunderbolt Bridge
Wi-Fi

Wi-Fi Power (en0): On

================================================================================

ifconfig output:

lo0: flags=8049<UP,LOOPBACK,RUNNING,MULTICAST> mtu 16384
	options=1203<RXCSUM,TXCSUM,TXSTATUS,SW_TIMESTAMP>
	inet 127.0.0.1 netmask 0xff000000
	inet6 ::1 prefixlen 128 
	inet6 fe80::1%lo0 prefixlen 64 scopeid 0x1 
	nd6 options=201<PERFORMNUD,DAD>
gif0: flags=8010<POINTOPOINT,MULTICAST> mtu 1280
stf0: flags=0<> mtu 1280
anpi0: flags=8863<UP,BROADCAST,SMART,RUNNING,SIMPLEX,MULTICAST> mtu 1500
	options=400<CHANNEL_IO>
	ether 06:a3:a8:1f:2e:00
	media: none
	status: inactive
anpi1: flags=8863<UP,BROADCAST,SMART,RUNNING,SIMPLEX,MULTICAST> mtu 1500
	options=400<CHANNEL_IO>
	ether 06:a3:a8:1f:2e:01
	media: none
	status: inactive
en3: flags=8863<UP,BROADCAST,SMART,RUNNING,SIMPLEX,MULTICAST> mtu 1500
	options=400<CHANNEL_IO>
	ether 06:a3:a8:1f:2e:e0
	nd6 options=201<PERFORMNUD,DAD>
	media: none
	status: inactive
en4: flags=8863<UP,BROADCAST,SMART,RUNNING,SIMPLEX,MULTICAST> mtu 1500
	options=400<CHANNEL_IO>
	ether 06:a3:a8:1f:2e:e1
	nd6 options=201<PERFORMNUD,DAD>
	media: none
	status: inactive
en1: flags=8963<UP,BROADCAST,SMART,RUNNING,PROMISC,SIMPLEX,MULTICAST> mtu 1500
	options=460<TSO4,TSO6,CHANNEL_IO>
	ether 36:c1:6c:39:13:c0
	media: autoselect <full-duplex>
	status: inactive
en2: flags=8963<UP,BROADCAST,SMART,RUNNING,PROMISC,SIMPLEX,MULTICAST> mtu 1500
	options=460<TSO4,TSO6,CHANNEL_IO>
	ether 36:c1:6c:39:13:c4
	media: autoselect <full-duplex>
	status: inactive
bridge0: flags=8863<UP,BROADCAST,SMART,RUNNING,SIMPLEX,MULTICAST> mtu 1500
	options=63<RXCSUM,TXCSUM,TSO4,TSO6>
	ether 36:c1:6c:39:13:c0
	Configuration:
		id 0:0:0:0:0:0 priority 0 hellotime 0 fwddelay 0
		maxage 0 holdcnt 0 proto stp maxaddr 100 timeout 1200
		root id 0:0:0:0:0:0 priority 0 ifcost 0 port 0
		ipfilter disabled flags 0x0
	member: en1 flags=3<LEARNING,DISCOVER>
	        ifmaxaddr 0 port 8 priority 0 path cost 0
	member: en2 flags=3<LEARNING,DISCOVER>
	        ifmaxaddr 0 port 9 priority 0 path cost 0
	nd6 options=201<PERFORMNUD,DAD>
	media: <unknown type>
	status: inactive
ap1: flags=8843<UP,BROADCAST,RUNNING,SIMPLEX,MULTICAST> mtu 1500
	options=6460<TSO4,TSO6,CHANNEL_IO,PARTIAL_CSUM,ZEROINVERT_CSUM>
	ether 76:a6:cd:bf:80:0d
	inet6 fe80::74a6:cdff:febf:800d%ap1 prefixlen 64 scopeid 0xb 
	nd6 options=201<PERFORMNUD,DAD>
	media: autoselect (<unknown type>)
	status: inactive
en0: flags=8863<UP,BROADCAST,SMART,RUNNING,SIMPLEX,MULTICAST> mtu 1500
	options=6460<TSO4,TSO6,CHANNEL_IO,PARTIAL_CSUM,ZEROINVERT_CSUM>
	ether 74:a6:cd:bf:80:0d
	inet6 fe80::47d:ad12:1ae9:29e0%en0 prefixlen 64 secured scopeid 0xc 
	inet 192.168.0.149 netmask 0xffffff00 broadcast 192.168.0.255
	nd6 options=201<PERFORMNUD,DAD>
	media: autoselect
	status: active
awdl0: flags=8843<UP,BROADCAST,RUNNING,SIMPLEX,MULTICAST> mtu 1500
	options=6460<TSO4,TSO6,CHANNEL_IO,PARTIAL_CSUM,ZEROINVERT_CSUM>
	ether da:86:bb:ed:7b:e4
	inet6 fe80::d886:bbff:feed:7be4%awdl0 prefixlen 64 scopeid 0xd 
	nd6 options=201<PERFORMNUD,DAD>
	media: autoselect
	status: active
llw0: flags=8863<UP,BROADCAST,SMART,RUNNING,SIMPLEX,MULTICAST> mtu 1500
	options=400<CHANNEL_IO>
	ether da:86:bb:ed:7b:e4
	inet6 fe80::d886:bbff:feed:7be4%llw0 prefixlen 64 scopeid 0xe 
	nd6 options=201<PERFORMNUD,DAD>
	media: autoselect
	status: inactive
utun0: flags=8051<UP,POINTOPOINT,RUNNING,MULTICAST> mtu 1500
	inet6 fe80::2a33:ba15:1765:6260%utun0 prefixlen 64 scopeid 0xf 
	nd6 options=201<PERFORMNUD,DAD>
utun1: flags=8051<UP,POINTOPOINT,RUNNING,MULTICAST> mtu 1380
	inet6 fe80::74b4:79fa:9edd:bf6%utun1 prefixlen 64 scopeid 0x10 
	nd6 options=201<PERFORMNUD,DAD>
utun2: flags=8051<UP,POINTOPOINT,RUNNING,MULTICAST> mtu 2000
	inet6 fe80::9683:e9fe:4da2:6b3b%utun2 prefixlen 64 scopeid 0x11 
	nd6 options=201<PERFORMNUD,DAD>
utun3: flags=8051<UP,POINTOPOINT,RUNNING,MULTICAST> mtu 1000
	inet6 fe80::ce81:b1c:bd2c:69e%utun3 prefixlen 64 scopeid 0x12 
	nd6 options=201<PERFORMNUD,DAD>
utun4: flags=8051<UP,POINTOPOINT,RUNNING,MULTICAST> mtu 1350
	options=6460<TSO4,TSO6,CHANNEL_IO,PARTIAL_CSUM,ZEROINVERT_CSUM>
	inet6 fe80::50b2:b944:5af4:246e%utun4 prefixlen 64 scopeid 0x13 
	nd6 options=201<PERFORMNUD,DAD>
utun5: flags=8051<UP,POINTOPOINT,RUNNING,MULTICAST> mtu 1380
	inet6 fe80::44ff:d843:e01e:9810%utun5 prefixlen 64 scopeid 0x14 
	nd6 options=201<PERFORMNUD,DAD>
utun6: flags=8051<UP,POINTOPOINT,RUNNING,MULTICAST> mtu 1380
	inet6 fe80::447b:4628:927f:c57a%utun6 prefixlen 64 scopeid 0x15 
	nd6 options=201<PERFORMNUD,DAD>
utun7: flags=8051<UP,POINTOPOINT,RUNNING,MULTICAST> mtu 1380
	inet6 fe80::1fd0:a883:6bcf:7525%utun7 prefixlen 64 scopeid 0x16 
	nd6 options=201<PERFORMNUD,DAD>
utun8: flags=8051<UP,POINTOPOINT,RUNNING,MULTICAST> mtu 1380
	inet6 fe80::2829:723a:be10:fad0%utun8 prefixlen 64 scopeid 0x17 
	nd6 options=201<PERFORMNUD,DAD>

================================================================================

Non-Apple kexts that are loaded:

Index Refs Address            Size       Wired      Name (Version) UUID <Linked Against>

================================================================================

Quit Log:

2023-10-10 17:03:34.333713 applicationShouldTerminate: termination for unknown reason, probably Command-Q; delayed until 'shutdownTunnelblick' finishes)
2023-10-10 17:03:34.334325 shutDownTunnelblick: started.
2023-10-10 17:03:34.334896 shutDownTunnelblick: Starting cleanup.
2023-10-10 17:03:34.335246 cleanup: Entering cleanup
2023-10-10 17:03:34.341371 synchronized user defaults
2023-10-10 17:04:04.771173 shutDownTunnelblick: Cleanup finished.
2023-10-10 17:04:04.771649 Finished shutting down Tunnelblick; allowing termination

================================================================================

Traces Log:


================================================================================

Console Log:


